[2025-11-18 17:49:38] [TRACE]   [OmnipathR] Reading JSON from `/home/marcelo.hurtado/.cache/OmnipathR/cache.json` (encoding: UTF-8).
[2025-11-18 17:49:38] [TRACE]   [OmnipathR] JSON validation successful: TRUE
[2025-11-18 17:49:38] [INFO]    [OmnipathR] Initialized cache: `/home/marcelo.hurtado/.cache/OmnipathR`.
[2025-11-18 17:49:38] [INFO]    [OmnipathR] Package `OmnipathR` packaged: 2025-11-18 16:33:41 UTC; marcelo.hurtado
[2025-11-18 17:49:38] [INFO]    [OmnipathR] Package `OmnipathR` date/publication: NA
[2025-11-18 17:49:38] [INFO]    [OmnipathR] Package `OmnipathR` built: R 4.3.1; ; 2025-11-18 16:33:43 UTC; unix
[2025-11-18 17:49:38] [INFO]    [OmnipathR] Package `OmnipathR` version: 3.19.1
[2025-11-18 17:49:38] [INFO]    [OmnipathR] Package `OmnipathR` repository: NA
[2025-11-18 17:49:39] [INFO]    [OmnipathR] Session info: [version=R version 4.3.1 (2023-06-16); os=Ubuntu 24.04.1 LTS; system=x86_64, linux-gnu; ui=RStudio; language=(EN); collate=en_US.UTF-8; ctype=en_US.UTF-8; tz=Europe/Paris; date=2025-11-18; rstudio=2024.09.1+394 Cranberry Hibiscus (desktop); pandoc=3.2 @ /usr/lib/rstudio/resources/app/bin/quarto/bin/tools/x86_64/ (via rmarkdown); quarto=1.5.57 @ /usr/lib/rstudio/resources/app/bin/quarto/bin/quarto]
[2025-11-18 17:49:39] [INFO]    [OmnipathR] External libraries: [cairo=1.18.0; cairoFT=; pango=1.52.1; png=1.6.43; jpeg=8.0; tiff=LIBTIFF, Version 4.3.0; tcl=8.6.14; curl=8.5.0; zlib=1.3; bzlib=1.0.8, 13-Jul-2019; xz=5.4.5; PCRE=10.42 2022-12-11; ICU=70.1; TRE=TRE 0.8.0 R_fixes (BSD); iconv=glibc 2.39; readline=8.2; BLAS=/usr/lib/x86_64-linux-gnu/openblas-pthread/libblas.so.3; lapack=/usr/lib/x86_64-linux-gnu/openblas-pthread/libopenblasp-r0.3.26.so; lapack_version=3.12.0]
[2025-11-18 17:49:40] [INFO]    [OmnipathR] Loaded packages: abind 1.4-8(2024-09-12); ADImpute 1.12.0(2023-10-24); annotate 1.80.0(2023-10-24); AnnotationDbi 1.64.1(2023-11-03); ape 5.8-1(2024-12-16); aplot 0.2.9(2025-09-12); backports 1.5.0(2024-05-23); base64enc 0.1-3(2015-07-28); beachmat 2.18.1(2024-02-14); Biobase 2.62.0(2023-10-24); BiocGenerics 0.48.1(2023-11-01); BiocManager 1.30.25(2024-08-28); BiocParallel 1.36.0(2023-10-24); BiocSingular 1.18.0(2023-10-24); Biostrings 2.70.3(2024-03-13); bit 4.6.0(2025-03-06); bit64 4.6.0-1(2025-01-16); bitops 1.0-9(2024-10-03); blob 1.2.4(2023-03-17); broom 1.0.8(2025-03-28); cachem 1.1.0(2024-05-16); car 3.1-3(2024-09-27); carData 3.0-5(2022-01-06); caTools 1.18.3(2024-09-04); cellranger 1.1.0(2016-07-27); CellTFusion 0.0.0.9000(2025-11-18); checkmate 2.3.2(2024-07-29); circlize 0.4.16(2024-02-20); cli 3.6.5(2025-04-23); clue 0.3-66(2024-11-13); cluster 2.1.4(2022-08-22); codetools 0.2-19(2023-02-01); colorspace 2.1-1(2024-07-26); ComplexHeatmap 2.18.0(2023-10-24); cowplot 1.1.3(2024-01-22); crayon 1.5.3(2024-06-20); curl 6.2.2(2025-03-24); data.table 1.17.0(2025-02-22); DBI 1.2.3(2024-06-02); decoupleR 2.8.0(2023-10-24); DelayedArray 0.28.0(2023-10-24); DelayedMatrixStats 1.24.0(2023-10-24); dendextend 1.19.0(2024-11-15); digest 0.6.37(2024-08-19); doParallel 1.0.17(2022-02-07); DOSE 3.28.2(2023-12-10); dplyr 1.1.4(2023-11-17); enrichplot 1.22.0(2023-10-24); evaluate 1.0.3(2025-01-10); factoextra 1.0.7(2020-04-01); farver 2.1.2(2024-05-13); fastmap 1.2.0(2024-05-15); fastmatch 1.1-6(2024-12-23); fgsea 1.28.0(2023-10-24); fontBitstreamVera 0.1.1(2017-02-01); fontLiberation 0.1.0(2016-10-15); fontquiver 0.2.1(2017-02-01); foreach 1.5.2(2022-02-02); foreign 0.8-84(2022-12-06); Formula 1.2-5(2023-02-24); fs 1.6.6(2025-04-12); gdtools 0.4.4(2025-10-06); generics 0.1.3(2022-07-05); GenomeInfoDb 1.38.8(2024-03-15); GenomeInfoDbData 1.2.11(2024-11-24); GenomicRanges 1.54.1(2023-10-29); GetoptLong 1.0.5(2020-12-15); ggforce 0.4.2(2024-02-19); ggfun 0.2.0(2025-07-15); ggiraph 0.9.2(2025-10-07); ggplot2 4.0.1(2025-11-14); ggplotify 0.1.3(2025-09-20); ggraph 2.2.1(2024-03-07); ggrepel 0.9.6(2024-09-07); ggtree 4.1.1(2025-10-30); GlobalOptions 0.1.2(2020-06-10); glue 1.8.0(2024-09-30); GO.db 3.18.0(2024-11-24); GOSemSim 2.28.1(2024-01-17); gplots 3.2.0(2024-10-05); graph 1.80.0(2023-10-24); graphlayouts 1.2.2(2025-01-23); gridExtra 2.3(2017-09-09); gridGraphics 0.5-1(2020-12-13); GSEABase 1.64.0(2023-10-24); GSVA 1.50.5(2024-04-15); gtable 0.3.6(2024-10-25); gtools 3.9.5(2023-11-20); HDF5Array 1.30.1(2024-02-14); HDO.db 0.99.1(2025-11-05); Hmisc 5.2-3(2025-03-16); hms 1.1.3(2023-03-21); htmlTable 2.4.3(2024-07-21); htmltools 0.5.8.1(2024-04-04); htmlwidgets 1.6.4(2023-12-06); httr 1.4.7(2023-08-15); httr2 1.1.2(2025-03-26); igraph 2.1.4(2025-01-23); IRanges 2.36.0(2023-10-24); irlba 2.3.5.1(2022-10-03); iterators 1.0.14(2022-02-05); jsonlite 2.0.0(2025-03-27); KEGGREST 1.42.0(2023-10-24); KernSmooth 2.23-21(2023-05-03); knitr 1.50(2025-03-16); later 1.4.2(2025-04-08); lattice 0.21-8(2023-04-05); lazyeval 0.2.2(2019-03-15); lifecycle 1.0.4(2023-11-07); logger 0.4.1(2025-09-11); lubridate 1.9.4(2024-12-08); magrittr 2.0.4(2025-09-12); MASS 7.3-60(2023-05-04); Matrix 1.6-4(2023-11-30); MatrixGenerics 1.14.0(2023-10-24); matrixStats 1.5.0(2025-01-07); memoise 2.0.1(2021-11-26); multideconv 0.0.1(2025-11-11); nlme 3.1-162(2023-01-31); nnet 7.3-19(2023-05-03); OmnipathR 3.19.1(2025-11-18); org.Hs.eg.db 3.18.0(2025-11-05); patchwork 1.3.2(2025-08-25); pcaMethods 1.94.0(2023-10-24); pheatmap 1.0.13(2025-06-05); pillar 1.10.2(2025-04-05); pkgconfig 2.0.3(2019-09-22); plyr 1.8.9(2023-10-02); png 0.1-8(2022-11-29); polyclip 1.10-7(2024-07-23); prettyunits 1.2.0(2023-09-24); progress 1.2.3(2023-12-06); purrr 1.2.0(2025-11-04); qvalue 2.34.0(2023-10-24); R.methodsS3 1.8.2(2022-06-13); R.oo 1.27.1(2025-05-02); R.utils 2.13.0(2025-02-24); R6 2.6.1(2025-02-15); rappdirs 0.3.3(2021-01-31); RColorBrewer 1.1-3(2022-04-03); Rcpp 1.1.0(2025-07-02); RCurl 1.98-1.17(2025-03-22); readr 2.1.5(2024-01-10); readxl 1.4.5(2025-03-07); renv 1.0.7(2024-04-11); reshape2 1.4.4(2020-04-09); rhdf5 2.46.1(2023-11-29); rhdf5filters 1.14.1(2023-11-06); Rhdf5lib 1.24.2(2024-02-07); rjson 0.2.23(2024-09-16); rlang 1.1.6(2025-04-11); rmarkdown 2.29(2024-11-04); rpart 4.1.19(2022-10-21); RSQLite 2.3.11(2025-05-04); rstatix 0.7.2(2023-02-01); rstudioapi 0.17.1(2024-10-22); rsvd 1.0.5(2021-04-16); rvest 1.0.5(2025-08-29); S4Arrays 1.2.1(2024-03-04); S4Vectors 0.40.2(2023-11-23); S7 0.2.1(2025-11-14); ScaledMatrix 1.10.0(2023-10-24); scales 1.4.0(2025-04-24); scatterpie 0.2.6(2025-09-12); sessioninfo 1.2.3(2025-02-05); shadowtext 0.1.6(2025-08-24); shape 1.4.6.1(2024-02-23); SingleCellExperiment 1.24.0(2023-10-24); SparseArray 1.2.4(2024-02-11); sparseMatrixStats 1.14.0(2023-10-24); stringi 1.8.7(2025-03-27); stringr 1.5.1(2023-11-14); SummarizedExperiment 1.32.0(2023-10-24); systemfonts 1.3.1(2025-10-01); tibble 3.2.1(2023-03-20); tidygraph 1.3.1(2024-01-30); tidyr 1.3.1(2024-01-24); tidyselect 1.2.1(2024-03-11); tidytree 0.4.6(2023-12-12); timechange 0.3.0(2024-01-18); treeio 1.26.0(2023-10-24); tweenr 2.0.3(2024-02-26); tzdb 0.5.0(2025-03-15); vctrs 0.6.5(2023-12-01); viridis 0.6.5(2024-01-29); viridisLite 0.4.2(2023-05-02); withr 3.0.2(2024-10-28); xfun 0.52(2025-04-02); XML 3.99-0.18(2025-01-01); xml2 1.4.1(2025-10-27); xtable 1.8-4(2019-04-21); XVector 0.42.0(2023-10-24); yaml 2.3.10(2024-07-26); yulab.utils 0.2.1(2025-08-19); zip 2.3.2(2025-02-01); zlibbioc 1.48.2(2024-03-13)
[2025-11-18 17:49:40] [INFO]    [OmnipathR] CURL: version: 8.5.0; headers: 8.5.0; ssl_version: OpenSSL/3.0.13; libz_version: 1.3; libssh_version: libssh/0.10.6/openssl/zlib; libidn_version: 2.3.7; host: x86_64-pc-linux-gnu; protocols: dict, file, ftp, ftps, gopher, gophers, http, https, imap, imaps, ldap, ldaps, mqtt, pop3, pop3s, rtmp, rtmpe, rtmps, rtmpt, rtmpte, rtmpts, rtsp, scp, sftp, smb, smbs, smtp, smtps, telnet, tftp; ipv6: TRUE; http2: TRUE; idn: TRUE; url_parser: TRUE
[2025-11-18 17:49:40] [TRACE]   [OmnipathR] Reading JSON from `/home/marcelo.hurtado/Documents/multideconv_paper/scripts/renv/library/R-4.3/x86_64-pc-linux-gnu/OmnipathR/db/db_def.json` (encoding: UTF-8).
[2025-11-18 17:49:40] [TRACE]   [OmnipathR] JSON validation successful: TRUE
[2025-11-18 17:49:40] [TRACE]   [OmnipathR] Reading JSON from `/home/marcelo.hurtado/Documents/multideconv_paper/scripts/renv/library/R-4.3/x86_64-pc-linux-gnu/OmnipathR/internal/magic_bytes.json` (encoding: UTF-8).
[2025-11-18 17:49:40] [TRACE]   [OmnipathR] JSON validation successful: TRUE
[2025-11-18 17:49:40] [TRACE]   [OmnipathR] Reading JSON from `/home/marcelo.hurtado/Documents/multideconv_paper/scripts/renv/library/R-4.3/x86_64-pc-linux-gnu/OmnipathR/internal/urls.json` (encoding: UTF-8).
[2025-11-18 17:49:40] [TRACE]   [OmnipathR] JSON validation successful: TRUE
[2025-11-18 17:49:40] [TRACE]   [OmnipathR] Reading JSON from `/home/marcelo.hurtado/Documents/multideconv_paper/scripts/renv/library/R-4.3/x86_64-pc-linux-gnu/OmnipathR/internal/id_types.json` (encoding: UTF-8).
[2025-11-18 17:49:40] [TRACE]   [OmnipathR] JSON validation successful: TRUE
[2025-11-18 17:49:40] [TRACE]   [OmnipathR] Reading JSON from `https://omnipathdb.org/resources` (encoding: UTF-8).
[2025-11-18 17:49:40] [TRACE]   [OmnipathR] JSON validation successful: TRUE
[2025-11-18 17:49:40] [TRACE]   [OmnipathR] Processing args for OmniPath query
[2025-11-18 17:49:40] [TRACE]   [OmnipathR] Arguments for OmniPath query: [wide=FALSE,resources=PROGENy,query_type=annotations]
[2025-11-18 17:49:40] [INFO]    [OmnipathR] Loading database `Ensembl and OMA organism names`.
[2025-11-18 17:49:40] [INFO]    [OmnipathR] Looking up in cache `https://www.ensembl.org/info/about/species.html`: key=7332486db7400730697234bad76ca0c8e4d00799, latest version=1.
[2025-11-18 17:49:40] [TRACE]   [OmnipathR] Cache file path: /home/marcelo.hurtado/.cache/OmnipathR/7332486db7400730697234bad76ca0c8e4d00799-1.html
[2025-11-18 17:49:40] [TRACE]   [OmnipathR] Downloading by `generic_downloader`.
[2025-11-18 17:49:41] [TRACE]   [OmnipathR] Looking up in cache: `https://omabrowser.org/All/oma-species.txt`.
[2025-11-18 17:49:41] [TRACE]   [OmnipathR] Loaded data from RDS `/home/marcelo.hurtado/.cache/OmnipathR/30e690cbb55dfc63b5903ab337f34ffc2f4be397-1.rds`.
[2025-11-18 17:49:41] [TRACE]   [OmnipathR] Downloading by `generic_downloader`.
[2025-11-18 17:49:41] [TRACE]   [OmnipathR] Looking up in cache: `https://ftp.expasy.org/databases/uniprot/current_release/knowledgebase/complete/docs/speclist.txt`.
[2025-11-18 17:49:41] [TRACE]   [OmnipathR] Loaded data from RDS `/home/marcelo.hurtado/.cache/OmnipathR/56ad6544dc07a2222fa6013d8d83e6e5a35fdf33-1.rds`.
[2025-11-18 17:49:41] [INFO]    [OmnipathR] Loaded database `Ensembl and OMA organism names`.
[2025-11-18 17:49:41] [TRACE]   [OmnipathR] Organism(s): 9606
[2025-11-18 17:49:41] [TRACE]   [OmnipathR] Orthology targets: 
[2025-11-18 17:49:41] [TRACE]   [OmnipathR] Reading JSON from `https://omnipathdb.org/resources` (encoding: UTF-8).
[2025-11-18 17:49:42] [TRACE]   [OmnipathR] JSON validation successful: TRUE
[2025-11-18 17:49:42] [TRACE]   [OmnipathR] Looking up in cache: `https://omnipathdb.org/annotations?resources=PROGENy&license=academic`
[2025-11-18 17:49:45] [TRACE]   [OmnipathR] Loaded data from RDS `/home/marcelo.hurtado/.cache/OmnipathR/3492392585ba05414edfae46801492076437d7e7-1.rds`.
[2025-11-18 17:49:45] [INFO]    [OmnipathR] Loaded from cache: `https://omnipathdb.org/annotations?resources=PROGENy&license=academic`
[2025-11-18 17:49:45] [SUCCESS] [OmnipathR] Loaded 699831 annotation records from cache.
[2025-11-18 17:51:49] [TRACE]   [OmnipathR] Reading JSON from `https://omnipathdb.org/resources` (encoding: UTF-8).
[2025-11-18 17:51:49] [TRACE]   [OmnipathR] JSON validation successful: TRUE
[2025-11-18 17:51:50] [TRACE]   [OmnipathR] Processing args for OmniPath query
[2025-11-18 17:51:50] [TRACE]   [OmnipathR] Arguments for OmniPath query: [wide=FALSE,resources=PROGENy,query_type=annotations]
[2025-11-18 17:51:50] [TRACE]   [OmnipathR] Organism(s): 9606
[2025-11-18 17:51:50] [TRACE]   [OmnipathR] Orthology targets: 
[2025-11-18 17:51:50] [TRACE]   [OmnipathR] Reading JSON from `https://omnipathdb.org/resources` (encoding: UTF-8).
[2025-11-18 17:51:50] [TRACE]   [OmnipathR] JSON validation successful: TRUE
[2025-11-18 17:51:50] [TRACE]   [OmnipathR] Looking up in cache: `https://omnipathdb.org/annotations?resources=PROGENy&license=academic`
[2025-11-18 17:51:52] [TRACE]   [OmnipathR] Loaded data from RDS `/home/marcelo.hurtado/.cache/OmnipathR/3492392585ba05414edfae46801492076437d7e7-1.rds`.
[2025-11-18 17:51:52] [INFO]    [OmnipathR] Loaded from cache: `https://omnipathdb.org/annotations?resources=PROGENy&license=academic`
[2025-11-18 17:51:52] [SUCCESS] [OmnipathR] Loaded 699831 annotation records from cache.
[2025-11-18 17:53:03] [TRACE]   [OmnipathR] Reading JSON from `https://omnipathdb.org/resources` (encoding: UTF-8).
[2025-11-18 17:53:04] [TRACE]   [OmnipathR] JSON validation successful: TRUE
[2025-11-18 17:53:04] [TRACE]   [OmnipathR] Processing args for OmniPath query
[2025-11-18 17:53:04] [TRACE]   [OmnipathR] Arguments for OmniPath query: [wide=FALSE,resources=PROGENy,query_type=annotations]
[2025-11-18 17:53:04] [TRACE]   [OmnipathR] Organism(s): 9606
[2025-11-18 17:53:04] [TRACE]   [OmnipathR] Orthology targets: 
[2025-11-18 17:53:04] [TRACE]   [OmnipathR] Reading JSON from `https://omnipathdb.org/resources` (encoding: UTF-8).
[2025-11-18 17:53:04] [TRACE]   [OmnipathR] JSON validation successful: TRUE
[2025-11-18 17:53:05] [TRACE]   [OmnipathR] Looking up in cache: `https://omnipathdb.org/annotations?resources=PROGENy&license=academic`
[2025-11-18 17:53:06] [TRACE]   [OmnipathR] Loaded data from RDS `/home/marcelo.hurtado/.cache/OmnipathR/3492392585ba05414edfae46801492076437d7e7-1.rds`.
[2025-11-18 17:53:06] [INFO]    [OmnipathR] Loaded from cache: `https://omnipathdb.org/annotations?resources=PROGENy&license=academic`
[2025-11-18 17:53:06] [SUCCESS] [OmnipathR] Loaded 699831 annotation records from cache.
[2025-11-18 21:48:16] [TRACE]   [OmnipathR] Removing database `Ensembl and OMA organism names` (not used in the past 10800 seconds)
